// Jest Snapshot v1, https://goo.gl/fbAQLP

exports[`test layout-style. test <Container /> snapshot. 1`] = `
.c0 {
  width: 100%;
  height: 100%;
  -webkit-box-flex: 1;
  -webkit-flex-grow: 1;
  -ms-flex-positive: 1;
  flex-grow: 1;
  -webkit-flex-shrink: 1;
  -ms-flex-negative: 1;
  flex-shrink: 1;
  -webkit-flex-basis: auto;
  -ms-flex-preferred-size: auto;
  flex-basis: auto;
}

<div
  class="c0"
/>
`;

exports[`test layout-style. test <Header /> snapshot. 1`] = `
.c0 {
  display: -webkit-box;
  display: -webkit-flex;
  display: -ms-flexbox;
  display: flex;
  -webkit-box-pack: center;
  -webkit-justify-content: center;
  -ms-flex-pack: center;
  justify-content: center;
  height: 34vh;
  padding: 11vh 0 5vh 0;
}

<div
  class="c0"
/>
`;

exports[`test layout-style. test <Wrapper /> snapshot. 1`] = `
.c0 {
  display: -webkit-box;
  display: -webkit-flex;
  display: -ms-flexbox;
  display: flex;
  max-width: 400px;
  min-height: 100%;
  -webkit-flex-wrap: wrap;
  -ms-flex-wrap: wrap;
  flex-wrap: wrap;
  -webkit-flex-direction: column;
  -ms-flex-direction: column;
  flex-direction: column;
  margin: 0;
}

@media (min-width:480px) {
  .c0 {
    margin: 0 auto;
  }
}

<div
  class="c0"
/>
`;
