// Jest Snapshot v1, https://goo.gl/fbAQLP

exports[`test model-style test <ModelContent /> snapshot. 1`] = `
.c0 {
  width: 100%;
  padding: 0 16px 24px 16px;
  color: #000;
  font-size: 13px;
  text-align: center;
  line-height: 18px;
  -webkit-letter-spacing: -.08px;
  -moz-letter-spacing: -.08px;
  -ms-letter-spacing: -.08px;
  letter-spacing: -.08px;
  font-weight: 300;
}

<div
  class="c0"
/>
`;

exports[`test model-style test <ModelFooter /> snapshot. 1`] = `
.c0 {
  width: 100%;
  display: -webkit-box;
  display: -webkit-flex;
  display: -ms-flexbox;
  display: flex;
  -webkit-flex-wrap: nowrap;
  -ms-flex-wrap: nowrap;
  flex-wrap: nowrap;
  border-top: .5px solid rgba(4,4,15,.4);
}

<div
  class="c0"
/>
`;

exports[`test model-style test <ModelShadow /> snapshot. 1`] = `
.c0 {
  position: fixed;
  width: 100%;
  height: 100%;
  left: 0;
  top: 0;
  background-color: rgba(4,4,15,.4);
  z-index: 10;
}

<div
  class="c0"
/>
`;

exports[`test model-style test <ModelWrap /> snapshot. 1`] = `
.c0 {
  position: fixed;
  left: 50%;
  top: 50%;
  width: 270px;
  max-width: 72%;
  background-color: rgb(248,248,248);
  z-index: 11;
  display: -webkit-box;
  display: -webkit-flex;
  display: -ms-flexbox;
  display: flex;
  -webkit-flex-direction: column;
  -ms-flex-direction: column;
  flex-direction: column;
  -webkit-transform: translateX(-50%) translateY(-50%);
  -ms-transform: translateX(-50%) translateY(-50%);
  transform: translateX(-50%) translateY(-50%);
  border-radius: 14px;
}

<div
  class="c0"
/>
`;
