// Jest Snapshot v1, https://goo.gl/fbAQLP

exports[`test <Spinner /> <Spinner /> snapshot. 1`] = `
<div
  class="sc-bdVaJa cmqDfb"
>
  <div
    class="sc-bwzfXH bggjYU"
  >
    <div
      class="sc-htpNat binCWv"
    />
    <div
      class="sc-htpNat binCWv"
    />
    <div
      class="sc-htpNat binCWv"
    />
  </div>
</div>
`;
